RAM Allocation [bytes]
Variable                                                                          Address   Size
------------------------------------------------------------------------------------------------
is_full                                                                           0x0261       7
in_que                                                                            0x0268       6
que_1to5                                                                          0x026E     200
que_6                                                                             0x0336     200
que_7                                                                             0x03FE     200
is_timeContinue                                                                   0x04C6       2
lcd_buffer                                                                        0x04C8      16
_seed                                                                             0x04D8       4
_base_y                                                                           0x04DC       4
_lcd_y                                                                            0x04E0       1
_lcd_maxx                                                                         0x04E1       1

EEPROM Allocation [bytes]
Variable                                                                          Address   Size
------------------------------------------------------------------------------------------------

Register Allocation
Variable                                                                          Register  Size
------------------------------------------------------------------------------------------------
second                                                                            R4,R5        2
minute                                                                            R6,R7        2
hour                                                                              R8,R9        2
is_AM                                                                             R11          1
client_index                                                                      R12,R13      2
_lcd_x                                                                            R10          1

FLASH Allocation [words]
Function                                                                          Address   Size
------------------------------------------------------------------------------------------------
timer1_ovf_isr                                                                    0x000C8      7
ext_int0_isr                                                                      0x000CF    349
push_to_que                                                                       0x0022C     27
pop_from_que                                                                      0x00247     56
main                                                                              0x0027F     74
time_after                                                                        0x002C9     88
give_first_empty                                                                  0x00321     26
LCD_Goto_Counter                                                                  0x0033B     26
LCD_Show_Waiting                                                                  0x00355     22
LCD_Out_Of_Time                                                                   0x0036B     39
GetKey                                                                            0x00392     78
put_buff_G100                                                                     0x003E0     58
_print_G100                                                                       0x0041A    308
sprintf                                                                           0x0054E     52
strlen                                                                            0x00582     12
strlenf                                                                           0x0058E     13
_lcd_write_nibble_G103                                                            0x0059B     20
_lcd_write_data                                                                   0x005AF     12
lcd_gotoxy                                                                        0x005BB     15
lcd_clear                                                                         0x005CA     13
lcd_putchar                                                                       0x005D7     26
lcd_puts                                                                          0x005F1     17
lcd_init                                                                          0x00602     47
