RAM Allocation [bytes]
Variable                                                                          Address   Size
------------------------------------------------------------------------------------------------
is_full                                                                           0x0264       7
in_que                                                                            0x026B       6
is_timeContinue                                                                   0x0271       2
_seed                                                                             0x0273       4
_base_y                                                                           0x0277       4
_lcd_y                                                                            0x027B       1
_lcd_maxx                                                                         0x027C       1

EEPROM Allocation [bytes]
Variable                                                                          Address   Size
------------------------------------------------------------------------------------------------

Register Allocation
Variable                                                                          Register  Size
------------------------------------------------------------------------------------------------
second                                                                            R4,R5        2
minute                                                                            R6,R7        2
hour                                                                              R8,R9        2
is_AM                                                                             R11          1
client_index                                                                      R12,R13      2
_lcd_x                                                                            R10          1

FLASH Allocation [words]
Function                                                                          Address   Size
------------------------------------------------------------------------------------------------
timer1_ovf_isr                                                                    0x000D2      7
ext_int0_isr                                                                      0x000D9    141
main                                                                              0x00166    110
time_after                                                                        0x001D4     88
give_first_empty                                                                  0x0022C     27
LCD_Goto_Counter                                                                  0x00247     32
LCD_Show_Waiting                                                                  0x00267     28
LCD_Out_Of_Time                                                                   0x00283     21
GetKey                                                                            0x00298     78
put_buff_G100                                                                     0x002E6     56
_print_G100                                                                       0x0031E    308
sprintf                                                                           0x00452     52
strlen                                                                            0x00486     12
strlenf                                                                           0x00492     13
_lcd_write_nibble_G103                                                            0x0049F     20
_lcd_write_data                                                                   0x004B3     12
lcd_gotoxy                                                                        0x004BF     15
lcd_clear                                                                         0x004CE     13
lcd_putchar                                                                       0x004DB     26
lcd_puts                                                                          0x004F5     17
lcd_init                                                                          0x00506     47
